<!DOCTYPE html PUBLIC "-//W3C//DTD XHTML 1.0 Transitional//EN"
"http://www.w3.org/TR/xhtml1/DTD/xhtml1-transitional.dtd">
<html xmlns="http://www.w3.org/1999/xhtml">
<head>
</head>

<body bgcolor="white">
<p>Provides important utility classes, such as utility for array, file, image, etc.</p>

<p>Utility class is a class that consists a collection of static methods. A static method can be called directly without the need of creating the instance of the class. Thus all methods in this package can be used directly.</p>

<p>For example to use image utility (ImageUtil class) :
<pre>
   BufferedImage src;

   // rotate the src image 90°, clockwise
   // directly call ImageUtil rotate method
   BufferedImage rotatedImage = ImageUtil.rotate(src, 90);
</pre>
</p>

</body>

</html>